test.sh: line 1: love: 4ever
